2025-04-11T13:45:00Z   user123   200
2025-04-11T13:45:00Z   user127   500
2025-04-11T13:45:00Z   user126   400
2025-04-11T13:45:00Z   user125   600
2025-04-11T13:45:00Z   user124   500
2025-04-11T13:45:00Z   user124   200
2025-04-11T13:45:00Z   user124   100